
> frontend@0.1.0 type-check D:\Kuliah\LAST-BATTLE\project\frontend
> tsc --noEmit

src/app/(admin)/admin/exams/[id]/edit/page.tsx(59,19): error TS2353: Object literal may only specify known properties, and 'invalid_type_error' does not exist in type '{ error?: string | $ZodErrorMap<$ZodIssueInvalidType<unknown>> | undefined; message?: string | undefined; }'.
src/app/(admin)/admin/exams/[id]/edit/page.tsx(63,19): error TS2353: Object literal may only specify known properties, and 'invalid_type_error' does not exist in type '{ error?: string | $ZodErrorMap<$ZodIssueInvalidType<unknown>> | undefined; message?: string | undefined; }'.
src/app/(admin)/admin/exams/[id]/page.tsx(32,26): error TS2307: Cannot find module '@/shared/components/ui/checkbox' or its corresponding type declarations.
src/app/(admin)/admin/exams/[id]/page.tsx(43,8): error TS2307: Cannot find module '@/shared/components/ui/dialog' or its corresponding type declarations.
src/app/(admin)/admin/exams/[id]/page.tsx(574,71): error TS7006: Parameter 'checked' implicitly has an 'any' type.
src/app/(admin)/admin/exams/create/page.tsx(52,19): error TS2353: Object literal may only specify known properties, and 'invalid_type_error' does not exist in type '{ error?: string | $ZodErrorMap<$ZodIssueInvalidType<unknown>> | undefined; message?: string | undefined; }'.
src/app/(admin)/admin/exams/create/page.tsx(56,19): error TS2353: Object literal may only specify known properties, and 'invalid_type_error' does not exist in type '{ error?: string | $ZodErrorMap<$ZodIssueInvalidType<unknown>> | undefined; message?: string | undefined; }'.
ΓÇëELIFECYCLEΓÇë Command failed with exit code 2.
